WARNING: A restricted method in java.lang.System has been called
WARNING: java.lang.System::load has been called by org.fusesource.jansi.internal.JansiLoader in an unnamed module (file:/Users/amo/.sdkman/candidates/maven/current/lib/jansi-2.4.0.jar)
WARNING: Use --enable-native-access=ALL-UNNAMED to avoid a warning for callers in this module
WARNING: Restricted methods will be blocked in a future release unless native access is enabled

WARNING: A terminally deprecated method in sun.misc.Unsafe has been called
WARNING: sun.misc.Unsafe::objectFieldOffset has been called by com.google.common.util.concurrent.AbstractFuture$UnsafeAtomicHelper (file:/Users/amo/.sdkman/candidates/maven/current/lib/guava-25.1-android.jar)
WARNING: Please consider reporting this to the maintainers of class com.google.common.util.concurrent.AbstractFuture$UnsafeAtomicHelper
WARNING: sun.misc.Unsafe::objectFieldOffset will be removed in a future release
[INFO] Scanning for projects...
[INFO] 
[INFO] ---------------------< org.jacpfx:CanvasImageGrid >---------------------
[INFO] Building CanvasImageGrid 1.0-SNAPSHOT
[INFO]   from pom.xml
[INFO] --------------------------------[ jar ]---------------------------------
[INFO] 
[INFO] --- maven-clean-plugin:2.5:clean (default-clean) @ CanvasImageGrid ---
[INFO] Deleting /Users/amo/Documents/development/JavaFX/CanvasImageGrid/target
[INFO] 
[INFO] ---------------------< org.jacpfx:CanvasImageGrid >---------------------
[INFO] Building CanvasImageGrid 1.0-SNAPSHOT
[INFO]   from pom.xml
[INFO] --------------------------------[ jar ]---------------------------------
[INFO] 
[INFO] --- gluonfx-maven-plugin:1.0.24:build (default-cli) @ CanvasImageGrid ---
[WARN] Maven will be executed in interactive mode, but no input stream has been configured for this MavenInvoker instance.
WARNING: A restricted method in java.lang.System has been called
WARNING: java.lang.System::load has been called by org.fusesource.jansi.internal.JansiLoader in an unnamed module (file:/Users/amo/.sdkman/candidates/maven/3.8.8/lib/jansi-2.4.0.jar)
WARNING: Use --enable-native-access=ALL-UNNAMED to avoid a warning for callers in this module
WARNING: Restricted methods will be blocked in a future release unless native access is enabled

WARNING: A terminally deprecated method in sun.misc.Unsafe has been called
WARNING: sun.misc.Unsafe::objectFieldOffset has been called by com.google.common.util.concurrent.AbstractFuture$UnsafeAtomicHelper (file:/Users/amo/.sdkman/candidates/maven/3.8.8/lib/guava-25.1-android.jar)
WARNING: Please consider reporting this to the maintainers of class com.google.common.util.concurrent.AbstractFuture$UnsafeAtomicHelper
WARNING: sun.misc.Unsafe::objectFieldOffset will be removed in a future release
[INFO] Scanning for projects...
[INFO] 
[INFO] ---------------------< org.jacpfx:CanvasImageGrid >---------------------
[INFO] Building CanvasImageGrid 1.0-SNAPSHOT
[INFO]   from pom.xml
[INFO] --------------------------------[ jar ]---------------------------------
[INFO] 
[INFO] >>> gluonfx-maven-plugin:1.0.24:compile (default-cli) > process-classes @ CanvasImageGrid >>>
[INFO] 
[INFO] --- maven-resources-plugin:2.6:resources (default-resources) @ CanvasImageGrid ---
[INFO] Using 'UTF-8' encoding to copy filtered resources.
[INFO] Copying 6 resources
[INFO] 
[INFO] --- maven-compiler-plugin:3.14.1:compile (default-compile) @ CanvasImageGrid ---
[INFO] Recompiling the module because of changed source code.
[INFO] Compiling 19 source files with javac [debug target 24 module-path] to target/classes
[WARNING] Systemmodulpfad ist nicht zusammen mit -source 24 festgelegt
  Wenn Sie den Speicherort der Systemmodule nicht festlegen, kann dies zu Klassendateien führen, die auf JDK 24 nicht ausgeführt werden können
    --release 24 wird anstelle von -source 24 -target 24 empfohlen, weil dadurch der Speicherort der Systemmodule automatisch festgelegt wird
[INFO] /Users/amo/Documents/development/JavaFX/CanvasImageGrid/src/main/java/org/jacpfx/image/canvas/CanvasPanel.java: Einige Eingabedateien verwenden nicht geprüfte oder unsichere Vorgänge.
[INFO] /Users/amo/Documents/development/JavaFX/CanvasImageGrid/src/main/java/org/jacpfx/image/canvas/CanvasPanel.java: Wiederholen Sie die Kompilierung mit -Xlint:unchecked, um Details zu erhalten.
[INFO] 
[INFO] <<< gluonfx-maven-plugin:1.0.24:compile (default-cli) < process-classes @ CanvasImageGrid <<<
[INFO] 
[INFO] 
[INFO] --- gluonfx-maven-plugin:1.0.24:compile (default-cli) @ CanvasImageGrid ---
org.apache.maven.plugin.MojoExecutionException: GraalVM installation directory not found. Either set GRAALVM_HOME as an environment variable or set graalvmHome in gluonfx-plugin configuration
	at com.gluonhq.NativeBaseMojo.createSubstrateDispatcher(NativeBaseMojo.java:167)
	at com.gluonhq.NativeCompileMojo.execute(NativeCompileMojo.java:53)
	at org.apache.maven.plugin.DefaultBuildPluginManager.executeMojo(DefaultBuildPluginManager.java:137)
	at org.apache.maven.lifecycle.internal.MojoExecutor.doExecute2(MojoExecutor.java:370)
	at org.apache.maven.lifecycle.internal.MojoExecutor.doExecute(MojoExecutor.java:351)
	at org.apache.maven.lifecycle.internal.MojoExecutor.execute(MojoExecutor.java:215)
	at org.apache.maven.lifecycle.internal.MojoExecutor.execute(MojoExecutor.java:171)
	at org.apache.maven.lifecycle.internal.MojoExecutor.execute(MojoExecutor.java:163)
	at org.apache.maven.lifecycle.internal.LifecycleModuleBuilder.buildProject(LifecycleModuleBuilder.java:117)
	at org.apache.maven.lifecycle.internal.LifecycleModuleBuilder.buildProject(LifecycleModuleBuilder.java:81)
	at org.apache.maven.lifecycle.internal.builder.singlethreaded.SingleThreadedBuilder.build(SingleThreadedBuilder.java:56)
	at org.apache.maven.lifecycle.internal.LifecycleStarter.execute(LifecycleStarter.java:128)
	at org.apache.maven.DefaultMaven.doExecute(DefaultMaven.java:299)
	at org.apache.maven.DefaultMaven.doExecute(DefaultMaven.java:193)
	at org.apache.maven.DefaultMaven.execute(DefaultMaven.java:106)
	at org.apache.maven.cli.MavenCli.execute(MavenCli.java:963)
	at org.apache.maven.cli.MavenCli.doMain(MavenCli.java:296)
	at org.apache.maven.cli.MavenCli.main(MavenCli.java:199)
	at java.base/jdk.internal.reflect.DirectMethodHandleAccessor.invoke(DirectMethodHandleAccessor.java:104)
	at java.base/java.lang.reflect.Method.invoke(Method.java:565)
	at org.codehaus.plexus.classworlds.launcher.Launcher.launchEnhanced(Launcher.java:282)
	at org.codehaus.plexus.classworlds.launcher.Launcher.launch(Launcher.java:225)
	at org.codehaus.plexus.classworlds.launcher.Launcher.mainWithExitCode(Launcher.java:406)
	at org.codehaus.plexus.classworlds.launcher.Launcher.main(Launcher.java:347)
[INFO] ------------------------------------------------------------------------
[INFO] BUILD FAILURE
[INFO] ------------------------------------------------------------------------
[INFO] Total time:  1.054 s
[INFO] Finished at: 2026-01-31T21:26:36+01:00
[INFO] ------------------------------------------------------------------------
[ERROR] Failed to execute goal com.gluonhq:gluonfx-maven-plugin:1.0.24:compile (default-cli) on project CanvasImageGrid: Error: GraalVM installation directory not found. Either set GRAALVM_HOME as an environment variable or set graalvmHome in gluonfx-plugin configuration -> [Help 1]
[ERROR] 
[ERROR] To see the full stack trace of the errors, re-run Maven with the -e switch.
[ERROR] Re-run Maven using the -X switch to enable full debug logging.
[ERROR] 
[ERROR] For more information about the errors and possible solutions, please read the following articles:
[ERROR] [Help 1] http://cwiki.apache.org/confluence/display/MAVEN/MojoExecutionException
[INFO] ------------------------------------------------------------------------
[INFO] BUILD FAILURE
[INFO] ------------------------------------------------------------------------
[INFO] Total time:  2.023 s
[INFO] Finished at: 2026-01-31T21:26:36+01:00
[INFO] ------------------------------------------------------------------------
[ERROR] Failed to execute goal com.gluonhq:gluonfx-maven-plugin:1.0.24:build (default-cli) on project CanvasImageGrid: Error, gluonfx:build failed -> [Help 1]
[ERROR] 
[ERROR] To see the full stack trace of the errors, re-run Maven with the -e switch.
[ERROR] Re-run Maven using the -X switch to enable full debug logging.
[ERROR] 
[ERROR] For more information about the errors and possible solutions, please read the following articles:
[ERROR] [Help 1] http://cwiki.apache.org/confluence/display/MAVEN/MojoExecutionException
